0.026186
(0,358.52)  (3704.00,358.52)
(0,1013.34)  (3704.00,1013.34)
(0,1611.34)  (3704.00,1611.34)
(0,2157.45)  (3704.00,2157.45)
(0,2656.17)  (3704.00,2656.17)
(0,3111.62)  (3704.00,3111.62)
(0,3527.54)  (3704.00,3527.54)
(0,3907.37)  (3704.00,3907.37)
(0,4254.24)  (3704.00,4254.24)
(0,4571.01)  (3704.00,4571.01)
(0,4860.29)  (3704.00,4860.29)
(0,5124.48)  (3704.00,5124.48)
(0,5365.73)  (3704.00,5365.73)
(0,5586.05)  (3704.00,5586.05)
(0,5787.26)  (3704.00,5787.26)
(0,5971.00)  (3704.00,5971.00)
(0,6138.80)  (3704.00,6138.80)
(0,6292.04)  (3704.00,6292.04)
(0,6431.98)  (3704.00,6431.98)
(0,6559.78)  (3704.00,6559.78)
(0,6676.49)  (3704.00,6676.49)
(0,6783.07)  (3704.00,6783.07)
(0,6880.40)  (3704.00,6880.40)
(0,6969.29)  (3704.00,6969.29)
(0,7050.46)  (3704.00,7050.46)
(0,7124.59)  (3704.00,7124.59)
(0,7192.29)  (3704.00,7192.29)
(0,7254.11)  (3704.00,7254.11)
(0,7310.57)  (3704.00,7310.57)
(0,7362.12)  (3704.00,7362.12)
(0,7409.21)  (3704.00,7409.21)

31 114824.00
82
0.440876
608965.40
26
89246.017927 38
(2744.11,0.00)-->(3704.00,750.20)
(1850.50,0.00)-->(3704.00,1448.61)
(1018.59,0.00)-->(3704.00,2098.79)
(244.11,0.00)-->(3704.00,2704.09)
(0.00,372.71)-->(3704.00,3267.58)
(0.00,897.30)-->(3704.00,3792.17)
(0.00,1385.67)-->(3704.00,4280.54)
(0.00,1840.32)-->(3704.00,4735.19)
(0.00,2263.58)-->(3704.00,5158.45)
(0.00,2657.61)-->(3704.00,5552.48)
(0.00,3024.44)-->(3704.00,5919.31)
(0.00,3365.94)-->(3704.00,6260.81)
(0.00,3683.86)-->(3704.00,6578.73)
(0.00,3979.82)-->(3704.00,6874.70)
(0.00,4255.36)-->(3704.00,7150.23)
(0.00,4511.87)-->(3704.00,7406.74)
(0.00,4764.96)-->(3381.78,7408.00)
(0.00,5029.94)-->(3042.74,7408.00)
(0.00,5307.44)-->(2687.68,7408.00)
(0.00,5598.05)-->(2315.83,7408.00)
(0.00,5902.40)-->(1926.42,7408.00)
(0.00,6221.14)-->(1518.60,7408.00)
(0.00,6554.93)-->(1091.50,7408.00)
(0.00,6904.50)-->(644.23,7408.00)
(0.00,7270.59)-->(175.81,7408.00)
(0.00,7590.35)-->(0.00,7590.35)
